e:\home2d_com_homework\home2d\lbm_mrlbm\x64\release\vc143.pdb
e:\home2d_com_homework\home2d\lbm_mrlbm\x64\release\testmrlbm2d.obj
e:\home2d_com_homework\home2d\lbm_mrlbm\x64\release\lbmcases2d.obj
e:\home2d_com_homework\home2d\lbm_mrlbm\x64\release\mlcuruntime.obj
e:\home2d_com_homework\home2d\lbm_mrlbm\x64\release\colorramp.obj
e:\home2d_com_homework\home2d\lbm_mrlbm\x64\release\mrlbmsolvergpu2d.cu.obj
e:\home2d_com_homework\home2d\x64\release\lbm_mrlbm.exe
e:\home2d_com_homework\home2d\x64\release\lbm_mrlbm.pdb
e:\home2d_com_homework\home2d\lbm_mrlbm\x64\release\lbm_mrlbm.ipdb
e:\home2d_com_homework\home2d\lbm_mrlbm\x64\release\lbm_mrlbm.iobj
e:\home2d_com_homework\home2d\lbm_mrlbm\x64\release\mrlbmsolvergpu2d.cu.cache
e:\home2d_com_homework\home2d\lbm_mrlbm\x64\release\lbm_mrlbm.tlog\cl.command.1.tlog
e:\home2d_com_homework\home2d\lbm_mrlbm\x64\release\lbm_mrlbm.tlog\cl.items.tlog
e:\home2d_com_homework\home2d\lbm_mrlbm\x64\release\lbm_mrlbm.tlog\cl.read.1.tlog
e:\home2d_com_homework\home2d\lbm_mrlbm\x64\release\lbm_mrlbm.tlog\cl.write.1.tlog
e:\home2d_com_homework\home2d\lbm_mrlbm\x64\release\lbm_mrlbm.tlog\cudacompile.read.1u.tlog
e:\home2d_com_homework\home2d\lbm_mrlbm\x64\release\lbm_mrlbm.tlog\cudacompile.write.1u.tlog
e:\home2d_com_homework\home2d\lbm_mrlbm\x64\release\lbm_mrlbm.tlog\link.command.1.tlog
e:\home2d_com_homework\home2d\lbm_mrlbm\x64\release\lbm_mrlbm.tlog\link.read.1.tlog
e:\home2d_com_homework\home2d\lbm_mrlbm\x64\release\lbm_mrlbm.tlog\link.secondary.1.tlog
e:\home2d_com_homework\home2d\lbm_mrlbm\x64\release\lbm_mrlbm.tlog\link.write.1.tlog
